../Core/Src/main.c:74:6:zeroSoftPWM	24	static
../Core/Src/main.c:79:6:setSoftPWM	32	static
../Core/Src/main.c:97:5:main	16	static
../Core/Src/main.c:222:6:SystemClock_Config	72	static
../Core/Src/main.c:259:13:MX_CAN_Init	8	static
../Core/Src/main.c:296:13:MX_TIM1_Init	32	static
../Core/Src/main.c:342:13:MX_TIM2_Init	32	static
../Core/Src/main.c:387:13:MX_TIM4_Init	32	static
../Core/Src/main.c:430:13:MX_DMA_Init	16	static
../Core/Src/main.c:457:13:MX_GPIO_Init	40	static
../Core/Src/main.c:548:6:Error_Handler	4	static,ignoring_inline_asm
